2026-10-04 15:21:49.311783
1. {'random_phase': False, 'random_mixture_control': True, 'num_bands': 8, 'vary_frequency': False, 'vary_orientation': False, 'vary_color': False, 'ori_jitter_deg': 9}
2. {'random_phase': False, 'random_mixture_control': False, 'num_bands': 8, 'vary_frequency': True, 'vary_orientation': False, 'vary_color': True, 'ori_jitter_deg': 34}
3. {'random_phase': False, 'random_mixture_control': False, 'num_bands': 8, 'vary_frequency': False, 'vary_orientation': False, 'vary_color': True, 'ori_jitter_deg': 42}
4. {'random_phase': False, 'random_mixture_control': False, 'num_bands': 4, 'vary_frequency': False, 'vary_orientation': True, 'vary_color': False, 'ori_jitter_deg': 33}
5. {'random_phase': False, 'random_mixture_control': True, 'num_bands': 5, 'vary_frequency': True, 'vary_orientation': True, 'vary_color': True, 'ori_jitter_deg': 18}
6. {'random_phase': False, 'random_mixture_control': True, 'num_bands': 9, 'vary_frequency': False, 'vary_orientation': False, 'vary_color': False, 'ori_jitter_deg': 15}
7. {'random_phase': True, 'random_mixture_control': False, 'num_bands': 3, 'vary_frequency': True, 'vary_orientation': False, 'vary_color': False, 'ori_jitter_deg': 28}
8. {'random_phase': True, 'random_mixture_control': False, 'num_bands': 8, 'vary_frequency': True, 'vary_orientation': True, 'vary_color': True, 'ori_jitter_deg': 20}
9. {'random_phase': True, 'random_mixture_control': False, 'num_bands': 9, 'vary_frequency': True, 'vary_orientation': True, 'vary_color': True, 'ori_jitter_deg': 5}
10. {'random_phase': True, 'random_mixture_control': True, 'num_bands': 5, 'vary_frequency': False, 'vary_orientation': False, 'vary_color': True, 'ori_jitter_deg': 12}
11. {'random_phase': True, 'random_mixture_control': True, 'num_bands': 3, 'vary_frequency': False, 'vary_orientation': False, 'vary_color': True, 'ori_jitter_deg': 0}
12. {'random_phase': False, 'random_mixture_control': False, 'num_bands': 8, 'vary_frequency': True, 'vary_orientation': False, 'vary_color': True, 'ori_jitter_deg': 19}
13. {'random_phase': False, 'random_mixture_control': True, 'num_bands': 3, 'vary_frequency': False, 'vary_orientation': False, 'vary_color': True, 'ori_jitter_deg': 9}
14. {'random_phase': False, 'random_mixture_control': False, 'num_bands': 8, 'vary_frequency': True, 'vary_orientation': False, 'vary_color': False, 'ori_jitter_deg': 17}
15. {'random_phase': Tr ue, 'random_mixture_control': False, 'num_bands': 3, 'vary_frequency': True, 'vary_orientation': False, 'vary_color': True, 'ori_jitter_deg': 26}
16. {'random_phase': False, 'random_mixture_control': True, 'num_bands': 9, 'vary_frequency': False, 'vary_orientation': True, 'vary_color': False, 'ori_jitter_deg': 5}
17. {'random_phase': False, 'random_mixture_control': True, 'num_bands': 9, 'vary_frequency': True, 'vary_orientation': False, 'vary_color': True, 'ori_jitter_deg': 36}
18. {'random_phase': False, 'random_mixture_control': True, 'num_bands': 6, 'vary_frequency': True, 'vary_orientation': True, 'vary_color': False, 'ori_jitter_deg': 27}
19. {'random_phase': False, 'random_mixture_control': True, 'num_bands': 8, 'vary_frequency': True, 'vary_orientation': True, 'vary_color': False, 'ori_jitter_deg': 7}
20. {'random_phase': False, 'random_mixture_control': True, 'num_bands': 8, 'vary_frequency': False, 'vary_orientation': True, 'vary_color': False, 'ori_jitter_deg': 0}
2026-10-04 15:24:17.740100
1. {'random_phase': True, 'random_mixture_control': False, 'num_bands': 9, 'vary_frequency': True, 'vary_orientation': False, 'vary_color': False, 'ori_jitter_deg': 21}
2. {'random_phase': False, 'random_mixture_control': False, 'num_bands': 6, 'vary_frequency': True, 'vary_orientation': False, 'vary_color': False, 'ori_jitter_deg': 12}
3. {'random_phase': False, 'random_mixture_control': True, 'num_bands': 6, 'vary_frequency': False, 'vary_orientation': False, 'vary_color': True, 'ori_jitter_deg': 14}
4. {'random_phase': False, 'random_mixture_control': False, 'num_bands': 5, 'vary_frequency': False, 'vary_orientation': True, 'vary_color': True, 'ori_jitter_deg': 8}
5. {'random_phase': True, 'random_mixture_control': False, 'num_bands': 5, 'vary_frequency': False, 'vary_orientation': True, 'vary_color': False, 'ori_jitter_deg': 36}
6. {'random_phase': False, 'random_mixture_control': False, 'num_bands': 6, 'vary_frequency': True, 'vary_orientation': False, 'vary_color': False, 'ori_jitter_deg': 41}
7. {'random_phase': False, 'random_mixture_control': True, 'num_bands': 7, 'vary_frequency': True, 'vary_orientation': False, 'vary_color': True, 'ori_jitter_deg': 15}
8. {'random_phase': False, 'random_mixture_control': False, 'num_bands': 7, 'vary_frequency': True, 'vary_orientation': False, 'vary_color': False, 'ori_jitter_deg': 18}
9. {'random_phase': False, 'random_mixture_control': True, 'num_bands': 5, 'vary_frequency': False, 'vary_orientation': True, 'vary_color': False, 'ori_jitter_deg': 12}
10. {'random_phase': False, 'random_mixture_control': True, 'num_bands': 3, 'vary_frequency': False, 'vary_orientation': True, 'vary_color': False, 'ori_jitter_deg': 41}
11. {'random_phase': False, 'random_mixture_control': True, 'num_bands': 8, 'vary_frequency': False, 'vary_orientation': False, 'vary_color': False, 'ori_jitter_deg': 29}
12. {'random_phase': True, 'random_mixture_control': True, 'num_bands': 3, 'vary_frequency': False, 'vary_orientation': True, 'vary_color': True, 'ori_jitter_deg': 31}
13. {'random_phase': False, 'random_mixture_control': True, 'num_bands': 9, 'vary_frequency': True, 'vary_orientation': False, 'vary_color': False, 'ori_jitter_deg': 12}
14. {'random_phase': False, 'random_mixture_control': True, 'num_bands': 6, 'vary_frequency': True, 'vary_orientation': False, 'vary_color': True, 'ori_jitter_deg': 22}
15. {'random_phase': False, 'random_mixture_control': True, 'num_bands': 4, 'vary_frequency': False, 'vary_orientation': False, 'vary_color': True, 'ori_jitter_deg': 22}
16. {'random_phase': True, 'random_mixture_control': False, 'num_bands': 5, 'vary_frequency': True, 'vary_orientation': False, 'vary_color': False, 'ori_jitter_deg': 18}
17. {'random_phase': True, 'random_mixture_control': False, 'num_bands': 9, 'vary_frequency': True, 'vary_orientation': False, 'vary_color': True, 'ori_jitter_deg': 17}
18. {'random_phase': False, 'random_mixture_control': True, 'num_bands': 4, 'vary_frequency': True, 'vary_orientation': True, 'vary_color': True, 'ori_jitter_deg': 34}
19. {'random_phase': True, 'random_mixture_control': False, 'num_bands': 9, 'vary_frequency': False, 'vary_orientation': True, 'vary_color': False, 'ori_jitter_deg': 21}
20. {'random_phase': True, 'random_mixture_control': True, 'num_bands': 4, 'vary_frequency': False, 'vary_orientation': True, 'vary_color': True, 'ori_jitter_deg': 37}
21. {'random_phase': True, 'random_mixture_control': True, 'num_bands': 6, 'vary_frequency': False, 'vary_orientation': False, 'vary_color': False, 'ori_jitter_deg': 9}
22. {'random_phase': True, 'random_mixture_control': True, 'num_bands': 5, 'vary_frequency': True, 'vary_orientation': True, 'vary_color': False, 'ori_jitter_deg': 18}
23. {'random_phase': True, 'random_mixture_control': False, 'num_bands': 3, 'vary_frequency': False, 'vary_orientation': True, 'vary_color': True, 'ori_jitter_deg': 34}
24. {'random_phase': True, 'random_mixture_control': False, 'num_bands': 4, 'vary_frequency': True, 'vary_orientation': True, 'vary_color': True, 'ori_jitter_deg': 38}
25. {'random_phase': False, 'random_mixture_control': False, 'num_bands': 9, 'vary_frequency': False, 'vary_orientation': False, 'vary_color': False, 'ori_jitter_deg': 19}
26. {'random_phase': False, 'random_mixture_control': False, 'num_bands': 4, 'vary_frequency': True, 'vary_orientation': True, 'vary_color': True, 'ori_jitter_deg': 18}
27. {'random_phase': True, 'random_mixture_control': False, 'num_bands': 4, 'vary_frequency': False, 'vary_orientation': False, 'vary_color': False, 'ori_jitter_deg': 8}
28. {'random_phase': False, 'random_mixture_control': True, 'num_bands': 6, 'vary_frequency': True, 'vary_orientation': False, 'vary_color': False, 'ori_jitter_deg': 43}
29. {'random_phase': True, 'random_mixture_control': True, 'num_bands': 9, 'vary_frequency': True, 'vary_orientation': True, 'vary_color': True, 'ori_jitter_deg': 39}
30. {'random_phase': False, 'random_mixture_control': False, 'num_bands': 3, 'vary_frequency': False, 'vary_orientation': False, 'vary_color': True, 'ori_jitter_deg': 27}
31. {'random_phase': False, 'random_mixture_control': False, 'num_bands': 3, 'vary_frequency': False, 'vary_orientation': False, 'vary_color': True, 'ori_jitter_deg': 7}
32. {'random_phase': False, 'random_mixture_control': False, 'num_bands': 6, 'vary_frequency': True, 'vary_orientation': False, 'vary_color': False, 'ori_jitter_deg': 9}
33. {'random_phase': True, 'random_mixture_control': True, 'num_bands': 8, 'vary_frequency': False, 'vary_orientation': True, 'vary_color': True, 'ori_jitter_deg': 42}
2026-10-04 16:36:31.742821
1. {'random_phase': False, 'random_mixture_control': False, 'num_bands': 5, 'vary_frequency': True, 'vary_orientation': False, 'vary_color': True, 'ori_jitter_deg': 29}
2. {'random_phase': False, 'random_mixture_control': False, 'num_bands': 9, 'vary_frequency': True, 'vary_orientation': True, 'vary_color': True, 'ori_jitter_deg': 20}
3. {'random_phase': False, 'random_mixture_control': False, 'num_bands': 8, 'vary_frequency': False, 'vary_orientation': True, 'vary_color': False, 'ori_jitter_deg': 9}
4. {'random_phase': True, 'random_mixture_control': True, 'num_bands': 7, 'vary_frequency': True, 'vary_orientation': False, 'vary_color': True, 'ori_jitter_deg': 23}
5. {'random_phase': True, 'random_mixture_control': True, 'num_bands': 5, 'vary_frequency': True, 'vary_orientation': True, 'vary_color': True, 'ori_jitter_deg': 23}
6. {'random_phase': False, 'random_mixture_control': True, 'num_bands': 9, 'vary_frequency': False, 'vary_orientation': False, 'vary_color': True, 'ori_jitter_deg': 5}
7. {'random_phase': False, 'random_mixture_control': True, 'num_bands': 6, 'vary_frequency': False, 'vary_orientation': True, 'vary_color': False, 'ori_jitter_deg': 40}
8. {'random_phase': False, 'random_mixture_control': False, 'num_bands': 4, 'vary_frequency': True, 'vary_orientation': True, 'vary_color': True, 'ori_jitter_deg': 16}
9. {'random_phase': True, 'random_mixture_control': True, 'num_bands': 3, 'vary_frequency': True, 'vary_orientation': True, 'vary_color': False, 'ori_jitter_deg': 40}
10. {'random_phase': False, 'random_mixture_control': True, 'num_bands': 3, 'vary_frequency': True, 'vary_orientation': True, 'vary_color': True, 'ori_jitter_deg': 33}
11. {'random_phase': True, 'random_mixture_control': False, 'num_bands': 3, 'vary_frequency': True, 'vary_orientation': True, 'vary_color': False, 'ori_jitter_deg': 14}
12. {'random_phase': False, 'random_mixture_control': False, 'num_bands': 5, 'vary_frequency': True, 'vary_orientation': True, 'vary_color': False, 'ori_jitter_deg': 32}
13. {'random_phase': False, 'random_mixture_control': True, 'num_bands': 7, 'vary_frequency': False, 'vary_orientation': False, 'vary_color': True, 'ori_jitter_deg': 26}
14. {'random_phase': True, 'random_mixture_control': False, 'num_bands': 9, 'vary_frequency': False, 'vary_orientation': False, 'vary_color': True, 'ori_jitter_deg': 13}
15. {'random_phase': True, 'random_mixture_control': True, 'num_bands': 8, 'vary_frequency': False, 'vary_orientation': False, 'vary_color': False, 'ori_jitter_deg': 39}
2026-10-04 16:37:18.236803
1. {'random_phase': True, 'random_mixture_control': False, 'num_bands': 4, 'vary_frequency': False, 'vary_orientation': False, 'vary_color': False, 'ori_jitter_deg': 33}
2. {'random_phase': False, 'random_mixture_control': True, 'num_bands': 9, 'vary_frequency': False, 'vary_orientation': True, 'vary_color': True, 'ori_jitter_deg': 33}
3. {'random_phase': True, 'random_mixture_control': True, 'num_bands': 9, 'vary_frequency': True, 'vary_orientation': True, 'vary_color': True, 'ori_jitter_deg': 30}
4. {'random_phase': True, 'random_mixture_control': True, 'num_bands': 6, 'vary_frequency': False, 'vary_orientation': True, 'vary_color': False, 'ori_jitter_deg': 29}
5. {'random_phase': False, 'random_mixture_control': False, 'num_bands': 6, 'vary_frequency': False, 'vary_orientation': False, 'vary_color': True, 'ori_jitter_deg': 27}
6. {'random_phase': True, 'random_mixture_control': True, 'num_bands': 3, 'vary_frequency': False, 'vary_orientation': True, 'vary_color': False, 'ori_jitter_deg': 39}
7. {'random_phase': False, 'random_mixture_control': False, 'num_bands': 5, 'vary_frequency': False, 'vary_orientation': True, 'vary_color': True, 'ori_jitter_deg': 38}
2026-10-04 16:59:23.626643
1. {'random_phase': True, 'random_mixture_control': False, 'num_bands': 9, 'vary_frequency': True, 'vary_orientation': True, 'vary_color': False, 'ori_jitter_deg': 34}
2. {'random_phase': True, 'random_mixture_control': False, 'num_bands': 3, 'vary_frequency': True, 'vary_orientation': False, 'vary_color': False, 'ori_jitter_deg': 42}
2026-10-07 07:50:58.980500
1. {'random_phase': True, 'random_mixture_control': False, 'num_bands': 5, 'vary_frequency': False, 'vary_orientation': False, 'vary_color': False, 'ori_jitter_deg': 27}
2026-10-07 07:51:04.332634
1. {'random_phase': True, 'random_mixture_control': True, 'num_bands': 9, 'vary_frequency': False, 'vary_orientation': True, 'vary_color': True, 'ori_jitter_deg': 4}
2. {'random_phase': False, 'random_mixture_control': False, 'num_bands': 5, 'vary_frequency': True, 'vary_orientation': False, 'vary_color': True, 'ori_jitter_deg': 44}
3. {'random_phase': False, 'random_mixture_control': False, 'num_bands': 5, 'vary_frequency': True, 'vary_orientation': True, 'vary_color': True, 'ori_jitter_deg': 34}
4. {'random_phase': True, 'random_mixture_control': True, 'num_bands': 6, 'vary_frequency': True, 'vary_orientation': False, 'vary_color': False, 'ori_jitter_deg': 16}
5. {'random_phase': True, 'random_mixture_control': True, 'num_bands': 4, 'vary_frequency': False, 'vary_orientation': True, 'vary_color': True, 'ori_jitter_deg': 6}
6. {'random_phase': True, 'random_mixture_control': True, 'num_bands': 8, 'vary_frequency': True, 'vary_orientation': False, 'vary_color': True, 'ori_jitter_deg': 27}
7. {'random_phase': False, 'random_mixture_control': True, 'num_bands': 9, 'vary_frequency': False, 'vary_orientation': False, 'vary_color': True, 'ori_jitter_deg': 2}
2026-10-07 08:42:15.535779
1. {'random_phase': False, 'random_mixture_control': False, 'num_bands': 5, 'vary_frequency': True, 'vary_orientation': False, 'vary_color': False, 'ori_jitter_deg': 37}
2. {'random_phase': False, 'random_mixture_control': False, 'num_bands': 6, 'vary_frequency': False, 'vary_orientation': True, 'vary_color': True, 'ori_jitter_deg': 22}
2026-10-07 08:42:21.649094
1. {'random_phase': True, 'random_mixture_control': False, 'num_bands': 6, 'vary_frequency': True, 'vary_orientation': True, 'vary_color': True, 'ori_jitter_deg': 22}
2. {'random_phase': False, 'random_mixture_control': True, 'num_bands': 6, 'vary_frequency': False, 'vary_orientation': False, 'vary_color': False, 'ori_jitter_deg': 7}
3. {'random_phase': False, 'random_mixture_control': True, 'num_bands': 3, 'vary_frequency': True, 'vary_orientation': True, 'vary_color': True, 'ori_jitter_deg': 40}
4. {'random_phase': False, 'random_mixture_control': True, 'num_bands': 8, 'vary_frequency': False, 'vary_orientation': False, 'vary_color': True, 'ori_jitter_deg': 41}
5. {'random_phase': False, 'random_mixture_control': False, 'num_bands': 5, 'vary_frequency': True, 'vary_orientation': False, 'vary_color': False, 'ori_jitter_deg': 41}
6. {'random_phase': True, 'random_mixture_control': False, 'num_bands': 8, 'vary_frequency': True, 'vary_orientation': True, 'vary_color': True, 'ori_jitter_deg': 1}
7. {'random_phase': True, 'random_mixture_control': True, 'num_bands': 7, 'vary_frequency': False, 'vary_orientation': True, 'vary_color': True, 'ori_jitter_deg': 32}
8. {'random_phase': True, 'random_mixture_control': True, 'num_bands': 9, 'vary_frequency': True, 'vary_orientation': False, 'vary_color': True, 'ori_jitter_deg': 15}
9. {'random_phase': True, 'random_mixture_control': True, 'num_bands': 7, 'vary_frequency': False, 'vary_orientation': True, 'vary_color': True, 'ori_jitter_deg': 36}
10. {'random_phase': True, 'random_mixture_control': False, 'num_bands': 8, 'vary_frequency': True, 'vary_orientation': False, 'vary_color': True, 'ori_jitter_deg': 9}
2026-10-07 08:50:36.732209
1. {'random_phase': False, 'random_mixture_control': False, 'num_bands': 4, 'vary_frequency': False, 'vary_orientation': False, 'vary_color': False, 'ori_jitter_deg': 32}
2. {'random_phase': True, 'random_mixture_control': False, 'num_bands': 8, 'vary_frequency': False, 'vary_orientation': True, 'vary_color': False, 'ori_jitter_deg': 35}
3. {'random_phase': False, 'random_mixture_control': False, 'num_bands': 5, 'vary_frequency': False, 'vary_orientation': True, 'vary_color': True, 'ori_jitter_deg': 21}
4. {'random_phase': True, 'random_mixture_control': True, 'num_bands': 9, 'vary_frequency': False, 'vary_orientation': False, 'vary_color': True, 'ori_jitter_deg': 12}
5. {'random_phase': False, 'random_mixture_control': True, 'num_bands': 7, 'vary_frequency': True, 'vary_orientation': True, 'vary_color': False, 'ori_jitter_deg': 15}
6. {'random_phase': False, 'random_mixture_control': False, 'num_bands': 6, 'vary_frequency': False, 'vary_orientation': True, 'vary_color': True, 'ori_jitter_deg': 25}
7. {'random_phase': False, 'random_mixture_control': False, 'num_bands': 3, 'vary_frequency': False, 'vary_orientation': False, 'vary_color': False, 'ori_jitter_deg': 44}
8. {'random_phase': True, 'random_mixture_control': True, 'num_bands': 5, 'vary_frequency': False, 'vary_orientation': True, 'vary_color': False, 'ori_jitter_deg': 7}
9. {'random_phase': False, 'random_mixture_control': False, 'num_bands': 4, 'vary_frequency': True, 'vary_orientation': True, 'vary_color': True, 'ori_jitter_deg': 2}
10. {'random_phase': False, 'random_mixture_control': False, 'num_bands': 4, 'vary_frequency': True, 'vary_orientation': True, 'vary_color': True, 'ori_jitter_deg': 8}
11. {'random_phase': False, 'random_mixture_control': True, 'num_bands': 9, 'vary_frequency': False, 'vary_orientation': False, 'vary_color': False, 'ori_jitter_deg': 29}
12. {'random_phase': True, 'random_mixture_control': False, 'num_bands': 7, 'vary_frequency': True, 'vary_orientation': True, 'vary_color': True, 'ori_jitter_deg': 17}
13. {'random_phase': True, 'random_mixture_control': False, 'num_bands': 4, 'vary_frequency': True, 'vary_orientation': True, 'vary_color': False, 'ori_jitter_deg': 17}
14. {'random_phase': True, 'random_mixture_control': False, 'num_bands': 8, 'vary_frequency': True, 'vary_orientation': False, 'vary_color': True, 'ori_jitter_deg': 7}
15. {'random_phase': False, 'random_mixture_control': True, 'num_bands': 9, 'vary_frequency': True, 'vary_orientation': True, 'vary_color': True, 'ori_jitter_deg': 4}
16. {'random_phase': False, 'random_mixture_control': True, 'num_bands': 7, 'vary_frequency': False, 'vary_orientation': False, 'vary_color': True, 'ori_jitter_deg': 7}
17. {'random_phase': True, 'random_mixture_control': True, 'num_bands': 5, 'vary_frequency': False, 'vary_orientation': False, 'vary_color': True, 'ori_jitter_deg': 1}
18. {'random_phase': True, 'random_mixture_control': True, 'num_bands': 5, 'vary_frequency': False, 'vary_orientation': False, 'vary_color': False, 'ori_jitter_deg': 27}
19. {'random_phase': True, 'random_mixture_control': False, 'num_bands': 6, 'vary_frequency': True, 'vary_orientation': False, 'vary_color': True, 'ori_jitter_deg': 3}
20. {'random_phase': True, 'random_mixture_control': False, 'num_bands': 9, 'vary_frequency': True, 'vary_orientation': True, 'vary_color': False, 'ori_jitter_deg': 4}
21. {'random_phase': False, 'random_mixture_control': False, 'num_bands': 3, 'vary_frequency': True, 'vary_orientation': False, 'vary_color': False, 'ori_jitter_deg': 18}
22. {'random_phase': False, 'random_mixture_control': False, 'num_bands': 6, 'vary_frequency': True, 'vary_orientation': False, 'vary_color': False, 'ori_jitter_deg': 7}
23. {'random_phase': True, 'random_mixture_control': False, 'num_bands': 7, 'vary_frequency': False, 'vary_orientation': True, 'vary_color': False, 'ori_jitter_deg': 3}
24. {'random_phase': True, 'random_mixture_control': True, 'num_bands': 4, 'vary_frequency': False, 'vary_orientation': False, 'vary_color': True, 'ori_jitter_deg': 12}
25. {'random_phase': False, 'random_mixture_control': True, 'num_bands': 9, 'vary_frequency': False, 'vary_orientation': True, 'vary_color': False, 'ori_jitter_deg': 0}
26. {'random_phase': True, 'random_mixture_control': True, 'num_bands': 8, 'vary_frequency': True, 'vary_orientation': True, 'vary_color': False, 'ori_jitter_deg': 30}
27. {'random_phase': True, 'random_mixture_control': False, 'num_bands': 4, 'vary_frequency': True, 'vary_orientation': False, 'vary_color': True, 'ori_jitter_deg': 36}
28. {'random_phase': True, 'random_mixture_control': False, 'num_bands': 8, 'vary_frequency': True, 'vary_orientation': False, 'vary_color': True, 'ori_jitter_deg': 32}
29. {'random_phase': True, 'random_mixture_control': True, 'num_bands': 7, 'vary_frequency': True, 'vary_orientation': False, 'vary_color': False, 'ori_jitter_deg': 15}
30. {'random_phase': False, 'random_mixture_control': False, 'num_bands': 5, 'vary_frequency': False, 'vary_orientation': False, 'vary_color': False, 'ori_jitter_deg': 34}
31. {'random_phase': False, 'random_mixture_control': True, 'num_bands': 7, 'vary_frequency': True, 'vary_orientation': True, 'vary_color': True, 'ori_jitter_deg': 30}
32. {'random_phase': False, 'random_mixture_control': False, 'num_bands': 6, 'vary_frequency': False, 'vary_orientation': False, 'vary_color': True, 'ori_jitter_deg': 18}
33. {'random_phase': False, 'random_mixture_control': False, 'num_bands': 9, 'vary_frequency': False, 'vary_orientation': False, 'vary_color': False, 'ori_jitter_deg': 42}
34. {'random_phase': True, 'random_mixture_control': False, 'num_bands': 9, 'vary_frequency': False, 'vary_orientation': True, 'vary_color': True, 'ori_jitter_deg': 16}
35. {'random_phase': False, 'random_mixture_control': False, 'num_bands': 8, 'vary_frequency': True, 'vary_orientation': True, 'vary_color': True, 'ori_jitter_deg': 18}
36. {'random_phase': True, 'random_mixture_control': True, 'num_bands': 5, 'vary_frequency': True, 'vary_orientation': False, 'vary_color': True, 'ori_jitter_deg': 35}
37. {'random_phase': False, 'random_mixture_control': False, 'num_bands': 7, 'vary_frequency': False, 'vary_orientation': True, 'vary_color': True, 'ori_jitter_deg': 7}
38. {'random_phase': True, 'random_mixture_control': False, 'num_bands': 5, 'vary_frequency': True, 'vary_orientation': False, 'vary_color': False, 'ori_jitter_deg': 44}
39. {'random_phase': False, 'random_mixture_control': True, 'num_bands': 6, 'vary_frequency': False, 'vary_orientation': True, 'vary_color': True, 'ori_jitter_deg': 29}
40. {'random_phase': False, 'random_mixture_control': False, 'num_bands': 8, 'vary_frequency': False, 'vary_orientation': True, 'vary_color': False, 'ori_jitter_deg': 1}
41. {'random_phase': False, 'random_mixture_control': True, 'num_bands': 8, 'vary_frequency': True, 'vary_orientation': True, 'vary_color': False, 'ori_jitter_deg': 13}
42. {'random_phase': False, 'random_mixture_control': True, 'num_bands': 6, 'vary_frequency': False, 'vary_orientation': True, 'vary_color': False, 'ori_jitter_deg': 37}
43. {'random_phase': True, 'random_mixture_control': False, 'num_bands': 3, 'vary_frequency': True, 'vary_orientation': True, 'vary_color': False, 'ori_jitter_deg': 12}
44. {'random_phase': True, 'random_mixture_control': False, 'num_bands': 9, 'vary_frequency': False, 'vary_orientation': False, 'vary_color': True, 'ori_jitter_deg': 39}
45. {'random_phase': False, 'random_mixture_control': True, 'num_bands': 7, 'vary_frequency': True, 'vary_orientation': True, 'vary_color': True, 'ori_jitter_deg': 34}
46. {'random_phase': True, 'random_mixture_control': True, 'num_bands': 9, 'vary_frequency': False, 'vary_orientation': True, 'vary_color': True, 'ori_jitter_deg': 38}
2026-10-07 15:20:25.274825
1. {'random_phase': False, 'random_mixture_control': True, 'num_bands': 9, 'vary_frequency': True, 'vary_orientation': True, 'vary_color': True, 'ori_jitter_deg': 36}
2. {'random_phase': False, 'random_mixture_control': True, 'num_bands': 7, 'vary_frequency': True, 'vary_orientation': True, 'vary_color': False, 'ori_jitter_deg': 20}
3. {'random_phase': False, 'random_mixture_control': False, 'num_bands': 6, 'vary_frequency': True, 'vary_orientation': True, 'vary_color': True, 'ori_jitter_deg': 16}
4. {'random_phase': False, 'random_mixture_control': False, 'num_bands': 8, 'vary_frequency': False, 'vary_orientation': True, 'vary_color': False, 'ori_jitter_deg': 27}
5. {'random_phase': False, 'random_mixture_control': True, 'num_bands': 7, 'vary_frequency': False, 'vary_orientation': False, 'vary_color': True, 'ori_jitter_deg': 30}
6. {'random_phase': True, 'random_mixture_control': True, 'num_bands': 8, 'vary_frequency': False, 'vary_orientation': True, 'vary_color': True, 'ori_jitter_deg': 22}
7. {'random_phase': False, 'random_mixture_control': True, 'num_bands': 7, 'vary_frequency': True, 'vary_orientation': True, 'vary_color': False, 'ori_jitter_deg': 14}
8. {'random_phase': False, 'random_mixture_control': False, 'num_bands': 5, 'vary_frequency': False, 'vary_orientation': False, 'vary_color': False, 'ori_jitter_deg': 18}
9. {'random_phase': True, 'random_mixture_control': True, 'num_bands': 5, 'vary_frequency': True, 'vary_orientation': True, 'vary_color': False, 'ori_jitter_deg': 21}
10. {'random_phase': False, 'random_mixture_control': True, 'num_bands': 7, 'vary_frequency': True, 'vary_orientation': True, 'vary_color': False, 'ori_jitter_deg': 10}
2026-10-07 15:24:12.203940
1. {'freq1': 9, 'freq2': 9, 'random_phase': True, 'random_mixture_control': True, 'num_bands': 5, 'vary_frequency': True, 'vary_orientation': True, 'vary_color': False, 'ori_jitter_deg': 33}
2. {'freq1': 23, 'freq2': 23, 'random_phase': False, 'random_mixture_control': True, 'num_bands': 3, 'vary_frequency': False, 'vary_orientation': False, 'vary_color': True, 'ori_jitter_deg': 3}
3. {'freq1': 15, 'freq2': 15, 'random_phase': True, 'random_mixture_control': False, 'num_bands': 7, 'vary_frequency': False, 'vary_orientation': False, 'vary_color': False, 'ori_jitter_deg': 29}
4. {'freq1': 18, 'freq2': 18, 'random_phase': True, 'random_mixture_control': True, 'num_bands': 3, 'vary_frequency': False, 'vary_orientation': True, 'vary_color': True, 'ori_jitter_deg': 0}
5. {'freq1': 24, 'freq2': 24, 'random_phase': True, 'random_mixture_control': True, 'num_bands': 9, 'vary_frequency': False, 'vary_orientation': False, 'vary_color': True, 'ori_jitter_deg': 7}
6. {'freq1': 6, 'freq2': 6, 'random_phase': False, 'random_mixture_control': True, 'num_bands': 6, 'vary_frequency': False, 'vary_orientation': True, 'vary_color': True, 'ori_jitter_deg': 36}
7. {'freq1': 14, 'freq2': 14, 'random_phase': False, 'random_mixture_control': True, 'num_bands': 6, 'vary_frequency': False, 'vary_orientation': True, 'vary_color': True, 'ori_jitter_deg': 5}
8. {'freq1': 24, 'freq2': 24, 'random_phase': False, 'random_mixture_control': True, 'num_bands': 4, 'vary_frequency': False, 'vary_orientation': False, 'vary_color': True, 'ori_jitter_deg': 11}
9. {'freq1': 14, 'freq2': 14, 'random_phase': False, 'random_mixture_control': True, 'num_bands': 5, 'vary_frequency': False, 'vary_orientation': True, 'vary_color': True, 'ori_jitter_deg': 3}
10. {'freq1': 12, 'freq2': 12, 'random_phase': False, 'random_mixture_control': False, 'num_bands': 6, 'vary_frequency': False, 'vary_orientation': False, 'vary_color': True, 'ori_jitter_deg': 36}
11. {'freq1': 3, 'freq2': 3, 'random_phase': False, 'random_mixture_control': True, 'num_bands': 6, 'vary_frequency': False, 'vary_orientation': True, 'vary_color': True, 'ori_jitter_deg': 19}
12. {'freq1': 9, 'freq2': 9, 'random_phase': True, 'random_mixture_control': True, 'num_bands': 7, 'vary_frequency': True, 'vary_orientation': False, 'vary_color': False, 'ori_jitter_deg': 11}
13. {'freq1': 21, 'freq2': 21, 'random_phase': True, 'random_mixture_control': False, 'num_bands': 3, 'vary_frequency': True, 'vary_orientation': True, 'vary_color': True, 'ori_jitter_deg': 0}
14. {'freq1': 12, 'freq2': 12, 'random_phase': False, 'random_mixture_control': False, 'num_bands': 9, 'vary_frequency': False, 'vary_orientation': False, 'vary_color': True, 'ori_jitter_deg': 38}
15. {'freq1': 9, 'freq2': 9, 'random_phase': False, 'random_mixture_control': False, 'num_bands': 5, 'vary_frequency': False, 'vary_orientation': True, 'vary_color': True, 'ori_jitter_deg': 22}
16. {'freq1': 16, 'freq2': 16, 'random_phase': True, 'random_mixture_control': True, 'num_bands': 6, 'vary_frequency': False, 'vary_orientation': True, 'vary_color': True, 'ori_jitter_deg': 16}
17. {'freq1': 18, 'freq2': 18, 'random_phase': False, 'random_mixture_control': True, 'num_bands': 6, 'vary_frequency': False, 'vary_orientation': True, 'vary_color': True, 'ori_jitter_deg': 25}
18. {'freq1': 20, 'freq2': 20, 'random_phase': False, 'random_mixture_control': False, 'num_bands': 4, 'vary_frequency': True, 'vary_orientation': False, 'vary_color': True, 'ori_jitter_deg': 24}
19. {'freq1': 21, 'freq2': 21, 'random_phase': False, 'random_mixture_control': False, 'num_bands': 6, 'vary_frequency': True, 'vary_orientation': True, 'vary_color': False, 'ori_jitter_deg': 15}
20. {'freq1': 17, 'freq2': 17, 'random_phase': False, 'random_mixture_control': False, 'num_bands': 3, 'vary_frequency': True, 'vary_orientation': False, 'vary_color': False, 'ori_jitter_deg': 15}
21. {'freq1': 1, 'freq2': 1, 'random_phase': True, 'random_mixture_control': True, 'num_bands': 7, 'vary_frequency': True, 'vary_orientation': True, 'vary_color': True, 'ori_jitter_deg': 0}
22. {'freq1': 1, 'freq2': 1, 'random_phase': False, 'random_mixture_control': False, 'num_bands': 6, 'vary_frequency': False, 'vary_orientation': True, 'vary_color': True, 'ori_jitter_deg': 24}
23. {'freq1': 11, 'freq2': 11, 'random_phase': False, 'random_mixture_control': False, 'num_bands': 3, 'vary_frequency': False, 'vary_orientation': False, 'vary_color': True, 'ori_jitter_deg': 44}
24. {'freq1': 8, 'freq2': 8, 'random_phase': True, 'random_mixture_control': True, 'num_bands': 6, 'vary_frequency': True, 'vary_orientation': False, 'vary_color': False, 'ori_jitter_deg': 15}
25. {'freq1': 11, 'freq2': 11, 'random_phase': False, 'random_mixture_control': False, 'num_bands': 6, 'vary_frequency': False, 'vary_orientation': True, 'vary_color': True, 'ori_jitter_deg': 35}
26. {'freq1': 10, 'freq2': 10, 'random_phase': True, 'random_mixture_control': True, 'num_bands': 3, 'vary_frequency': False, 'vary_orientation': False, 'vary_color': True, 'ori_jitter_deg': 3}
27. {'freq1': 7, 'freq2': 7, 'random_phase': True, 'random_mixture_control': True, 'num_bands': 4, 'vary_frequency': False, 'vary_orientation': True, 'vary_color': True, 'ori_jitter_deg': 8}
28. {'freq1': 22, 'freq2': 22, 'random_phase': True, 'random_mixture_control': True, 'num_bands': 5, 'vary_frequency': False, 'vary_orientation': True, 'vary_color': False, 'ori_jitter_deg': 19}
29. {'freq1': 23, 'freq2': 23, 'random_phase': True, 'random_mixture_control': True, 'num_bands': 4, 'vary_frequency': True, 'vary_orientation': True, 'vary_color': False, 'ori_jitter_deg': 29}
30. {'freq1': 6, 'freq2': 6, 'random_phase': False, 'random_mixture_control': False, 'num_bands': 6, 'vary_frequency': True, 'vary_orientation': True, 'vary_color': True, 'ori_jitter_deg': 38}
31. {'freq1': 4, 'freq2': 4, 'random_phase': False, 'random_mixture_control': False, 'num_bands': 3, 'vary_frequency': True, 'vary_orientation': True, 'vary_color': True, 'ori_jitter_deg': 32}
32. {'freq1': 1, 'freq2': 1, 'random_phase': False, 'random_mixture_control': False, 'num_bands': 6, 'vary_frequency': True, 'vary_orientation': False, 'vary_color': False, 'ori_jitter_deg': 38}
33. {'freq1': 24, 'freq2': 24, 'random_phase': False, 'random_mixture_control': False, 'num_bands': 7, 'vary_frequency': True, 'vary_orientation': False, 'vary_color': True, 'ori_jitter_deg': 0}
34. {'freq1': 20, 'freq2': 20, 'random_phase': False, 'random_mixture_control': False, 'num_bands': 6, 'vary_frequency': True, 'vary_orientation': False, 'vary_color': True, 'ori_jitter_deg': 7}
35. {'freq1': 9, 'freq2': 9, 'random_phase': True, 'random_mixture_control': False, 'num_bands': 3, 'vary_frequency': False, 'vary_orientation': False, 'vary_color': True, 'ori_jitter_deg': 29}
36. {'freq1': 6, 'freq2': 6, 'random_phase': True, 'random_mixture_control': True, 'num_bands': 3, 'vary_frequency': False, 'vary_orientation': False, 'vary_color': True, 'ori_jitter_deg': 8}
37. {'freq1': 15, 'freq2': 15, 'random_phase': True, 'random_mixture_control': False, 'num_bands': 6, 'vary_frequency': True, 'vary_orientation': True, 'vary_color': True, 'ori_jitter_deg': 28}
38. {'freq1': 3, 'freq2': 3, 'random_phase': True, 'random_mixture_control': False, 'num_bands': 8, 'vary_frequency': False, 'vary_orientation': True, 'vary_color': False, 'ori_jitter_deg': 23}
2026-10-07 17:33:49.616878
1. {'freq1': 5, 'freq2': 5, 'random_phase': True, 'random_mixture_control': False, 'num_bands': 3, 'vary_frequency': True, 'vary_orientation': True, 'vary_color': False, 'ori_jitter_deg': 28}
2. {'freq1': 2, 'freq2': 2, 'random_phase': False, 'random_mixture_control': True, 'num_bands': 6, 'vary_frequency': False, 'vary_orientation': False, 'vary_color': False, 'ori_jitter_deg': 1}
3. {'freq1': 8, 'freq2': 8, 'random_phase': True, 'random_mixture_control': False, 'num_bands': 3, 'vary_frequency': True, 'vary_orientation': False, 'vary_color': False, 'ori_jitter_deg': 43}
4. {'freq1': 3, 'freq2': 3, 'random_phase': False, 'random_mixture_control': True, 'num_bands': 8, 'vary_frequency': False, 'vary_orientation': True, 'vary_color': False, 'ori_jitter_deg': 26}
5. {'freq1': 8, 'freq2': 8, 'random_phase': True, 'random_mixture_control': False, 'num_bands': 9, 'vary_frequency': False, 'vary_orientation': False, 'vary_color': True, 'ori_jitter_deg': 28}
6. {'freq1': 3, 'freq2': 3, 'random_phase': False, 'random_mixture_control': False, 'num_bands': 9, 'vary_frequency': True, 'vary_orientation': False, 'vary_color': False, 'ori_jitter_deg': 39}
7. {'freq1': 10, 'freq2': 10, 'random_phase': True, 'random_mixture_control': False, 'num_bands': 6, 'vary_frequency': False, 'vary_orientation': False, 'vary_color': False, 'ori_jitter_deg': 6}
8. {'freq1': 7, 'freq2': 7, 'random_phase': False, 'random_mixture_control': False, 'num_bands': 7, 'vary_frequency': True, 'vary_orientation': True, 'vary_color': True, 'ori_jitter_deg': 33}
9. {'freq1': 12, 'freq2': 12, 'random_phase': False, 'random_mixture_control': False, 'num_bands': 8, 'vary_frequency': False, 'vary_orientation': False, 'vary_color': False, 'ori_jitter_deg': 3}
2026-10-07 17:34:12.291625
1. {'freq1': 12, 'freq2': 12, 'random_phase': False, 'random_mixture_control': True, 'num_bands': 4, 'vary_frequency': False, 'vary_orientation': False, 'vary_color': True, 'ori_jitter_deg': 38}
2. {'freq1': 24, 'freq2': 24, 'random_phase': False, 'random_mixture_control': False, 'num_bands': 4, 'vary_frequency': False, 'vary_orientation': True, 'vary_color': False, 'ori_jitter_deg': 21}
2026-10-07 17:35:35.545959
1. {'random_phase': True, 'random_mixture_control': False, 'num_bands': 6, 'vary_frequency': False, 'vary_orientation': True, 'vary_color': True, 'ori_jitter_deg': 10}
2026-10-07 17:38:09.863603
1. {'random_phase': True, 'random_mixture_control': True, 'num_bands': 4, 'vary_frequency': False, 'vary_orientation': False, 'vary_color': True, 'ori_jitter_deg': 16}
2026-10-07 17:41:38.313726
1. {}
2026-10-07 17:43:10.583841
1. {'freq1': 4, 'freq2': 4}
2026-10-07 17:43:20.546789
1. {'freq1': 2, 'freq2': 2}
2026-10-07 17:47:45.455221
1. {'plaid_contrast': 0.5, 'freq1': 2, 'freq2': 2, 'density': 16, 'random_mixture_control': False, 'num_bands': 5, 'vary_frequency': False, 'vary_orientation': True, 'ori_jitter_deg': 0}
2026-10-07 17:49:22.080356
1. {'plaid_contrast': 0.5, 'freq1': 0, 'freq2': 2, 'density': 16, 'random_mixture_control': False, 'num_bands': 5, 'vary_frequency': False, 'vary_orientation': True, 'ori_jitter_deg': 0}
2026-10-07 17:54:03.670506
1. {'plaid_contrast': 0.5, 'freq1': 0, 'freq2': 2, 'density': 16, 'random_mixture_control': False, 'num_bands': 5, 'vary_frequency': True, 'vary_orientation': True, 'ori_jitter_deg': 0}
2026-10-07 17:59:43.338702
1. {'plaid_contrast': 0.5, 'freq1': 0, 'theta2_deg': 135.0, 'freq2': 2, 'density': 16, 'random_mixture_control': False, 'num_bands': 5, 'vary_frequency': True, 'vary_orientation': True, 'ori_jitter_deg': 0}
2026-10-07 17:59:55.792225
1. {'plaid_contrast': 0.5, 'freq1': 0, 'theta2_deg': 90, 'freq2': 2, 'density': 16, 'random_mixture_control': False, 'num_bands': 5, 'vary_frequency': True, 'vary_orientation': True, 'ori_jitter_deg': 0}
2026-10-07 18:01:30.695573
1. {'plaid_contrast': 0.5, 'freq1': 0, 'theta2_deg': 90, 'freq2': 2, 'density': 16, 'random_mixture_control': False, 'num_bands': 5, 'vary_frequency': True, 'vary_orientation': True, 'ori_jitter_deg': 0}
2026-10-07 21:09:07.837511
1. {'plaid_contrast': 0.5, 'freq1': 0, 'theta2_deg': 90, 'freq2': 2, 'density': 16, 'random_mixture_control': False, 'num_bands': 5, 'vary_frequency': True, 'vary_orientation': True, 'ori_jitter_deg': 0}
2026-10-07 21:21:41.923090
1. {'plaid_contrast': 0.5, 'freq1': 0, 'theta2_deg': 90, 'freq2': 2, 'density': 16, 'random_mixture_control': False, 'num_bands': 5, 'vary_frequency': True, 'vary_orientation': True, 'ori_jitter_deg': 0}
2026-10-07 21:21:52.402649
1. {'plaid_contrast': 0.5, 'freq1': 0, 'theta2_deg': 90, 'freq2': 2, 'density': 16, 'random_mixture_control': False, 'num_bands': 5, 'vary_frequency': True, 'vary_orientation': True, 'ori_jitter_deg': 0}
2. {'plaid_contrast': 0.5, 'freq1': 0, 'theta2_deg': 90, 'freq2': 2, 'density': 16, 'random_mixture_control': False, 'num_bands': 5, 'vary_frequency': True, 'vary_orientation': True, 'ori_jitter_deg': 0}
3. {'plaid_contrast': 0.5, 'freq1': 0, 'theta2_deg': 90, 'freq2': 2, 'density': 16, 'random_mixture_control': False, 'num_bands': 5, 'vary_frequency': True, 'vary_orientation': True, 'ori_jitter_deg': 0}
4. {'plaid_contrast': 0.5, 'freq1': 0, 'theta2_deg': 90, 'freq2': 2, 'density': 16, 'random_mixture_control': False, 'num_bands': 5, 'vary_frequency': True, 'vary_orientation': True, 'ori_jitter_deg': 0}
5. {'plaid_contrast': 0.5, 'freq1': 0, 'theta2_deg': 90, 'freq2': 2, 'density': 16, 'random_mixture_control': False, 'num_bands': 5, 'vary_frequency': True, 'vary_orientation': True, 'ori_jitter_deg': 0}
6. {'plaid_contrast': 0.5, 'freq1': 0, 'theta2_deg': 90, 'freq2': 2, 'density': 16, 'random_mixture_control': False, 'num_bands': 5, 'vary_frequency': True, 'vary_orientation': True, 'ori_jitter_deg': 0}
2026-10-07 21:22:57.275653
1. {'plaid_contrast': 0.5, 'freq1': 0, 'theta2_deg': 90, 'freq2': 2, 'density': 16, 'random_mixture_control': False, 'num_bands': 5, 'vary_frequency': True, 'vary_orientation': True, 'ori_jitter_deg': 0}
2026-10-07 21:23:05.252974
1. {'plaid_contrast': 0.5, 'freq1': 0, 'theta2_deg': 90, 'freq2': 2, 'density': 16, 'random_mixture_control': False, 'num_bands': 5, 'vary_frequency': True, 'vary_orientation': True, 'ori_jitter_deg': 0}
2026-10-07 21:23:15.746250
1. {'plaid_contrast': 0.5, 'freq1': 0, 'theta2_deg': 90, 'freq2': 2, 'density': 16, 'random_mixture_control': False, 'num_bands': 5, 'vary_frequency': True, 'vary_orientation': True, 'ori_jitter_deg': 0}
2026-10-07 21:23:23.267678
1. {'plaid_contrast': 0.5, 'freq1': 0, 'theta2_deg': 90, 'freq2': 2, 'density': 16, 'random_mixture_control': False, 'num_bands': 5, 'vary_frequency': True, 'vary_orientation': True, 'ori_jitter_deg': 0}
2. {'plaid_contrast': 0.5, 'freq1': 0, 'theta2_deg': 90, 'freq2': 2, 'density': 16, 'random_mixture_control': False, 'num_bands': 5, 'vary_frequency': True, 'vary_orientation': True, 'ori_jitter_deg': 0}
3. {'plaid_contrast': 0.5, 'freq1': 0, 'theta2_deg': 90, 'freq2': 2, 'density': 16, 'random_mixture_control': False, 'num_bands': 5, 'vary_frequency': True, 'vary_orientation': True, 'ori_jitter_deg': 0}
4. {'plaid_contrast': 0.5, 'freq1': 0, 'theta2_deg': 90, 'freq2': 2, 'density': 16, 'random_mixture_control': False, 'num_bands': 5, 'vary_frequency': True, 'vary_orientation': True, 'ori_jitter_deg': 0}
2026-10-07 21:44:30.741416
1. {'plaid_contrast': 0.5, 'freq1': 0, 'theta2_deg': 90, 'freq2': 2, 'density': 16, 'random_mixture_control': False, 'num_bands': 5, 'vary_frequency': True, 'vary_orientation': True, 'ori_jitter_deg': 0}
2. {'plaid_contrast': 0.5, 'freq1': 0, 'theta2_deg': 90, 'freq2': 2, 'density': 16, 'random_mixture_control': False, 'num_bands': 5, 'vary_frequency': True, 'vary_orientation': True, 'ori_jitter_deg': 0}
3. {'plaid_contrast': 0.5, 'freq1': 0, 'theta2_deg': 90, 'freq2': 2, 'density': 16, 'random_mixture_control': False, 'num_bands': 5, 'vary_frequency': True, 'vary_orientation': True, 'ori_jitter_deg': 0}
4. {'plaid_contrast': 0.5, 'freq1': 0, 'theta2_deg': 90, 'freq2': 2, 'density': 16, 'random_mixture_control': False, 'num_bands': 5, 'vary_frequency': True, 'vary_orientation': True, 'ori_jitter_deg': 0}
5. {'plaid_contrast': 0.5, 'freq1': 0, 'theta2_deg': 90, 'freq2': 2, 'density': 16, 'random_mixture_control': False, 'num_bands': 5, 'vary_frequency': True, 'vary_orientation': True, 'ori_jitter_deg': 0}
6. {'plaid_contrast': 0.5, 'freq1': 0, 'theta2_deg': 90, 'freq2': 2, 'density': 16, 'random_mixture_control': False, 'num_bands': 5, 'vary_frequency': True, 'vary_orientation': True, 'ori_jitter_deg': 0}
7. {'plaid_contrast': 0.5, 'freq1': 0, 'theta2_deg': 90, 'freq2': 2, 'density': 16, 'random_mixture_control': False, 'num_bands': 5, 'vary_frequency': True, 'vary_orientation': True, 'ori_jitter_deg': 0}
2026-10-07 21:45:23.267396
1. {'plaid_contrast': 0.5, 'freq1': 0, 'theta2_deg': 90, 'freq2': 2, 'density': 16, 'random_mixture_control': False, 'num_bands': 5, 'vary_frequency': True, 'vary_orientation': True, 'ori_jitter_deg': 0}
2026-10-07 21:45:47.532644
1. {'plaid_contrast': 0.5, 'freq1': 0, 'theta2_deg': 90, 'freq2': 2, 'density': 16, 'random_mixture_control': False, 'num_bands': 5, 'vary_frequency': True, 'vary_orientation': True, 'ori_jitter_deg': 0}
2. {'plaid_contrast': 0.5, 'freq1': 0, 'theta2_deg': 90, 'freq2': 2, 'density': 16, 'random_mixture_control': False, 'num_bands': 5, 'vary_frequency': True, 'vary_orientation': True, 'ori_jitter_deg': 0}
2026-10-07 21:46:29.187003
1. {'plaid_contrast': 0.5, 'freq1': 0, 'theta2_deg': 90, 'freq2': 2, 'density': 16, 'random_mixture_control': False, 'num_bands': 5, 'vary_frequency': True, 'vary_orientation': True, 'ori_jitter_deg': 0}
2026-10-07 21:47:42.651512
1. {'plaid_contrast': 0.5, 'freq1': 0, 'freq2': 2, 'density': 16, 'random_mixture_control': False, 'num_bands': 5, 'vary_frequency': True, 'vary_orientation': True, 'ori_jitter_deg': 0}
2. {'plaid_contrast': 0.5, 'freq1': 0, 'freq2': 2, 'density': 16, 'random_mixture_control': False, 'num_bands': 5, 'vary_frequency': True, 'vary_orientation': True, 'ori_jitter_deg': 0}
3. {'plaid_contrast': 0.5, 'freq1': 0, 'freq2': 2, 'density': 16, 'random_mixture_control': False, 'num_bands': 5, 'vary_frequency': True, 'vary_orientation': True, 'ori_jitter_deg': 0}
2026-10-07 21:48:22.225663
1. {'plaid_contrast': 0.5, 'freq1': 0, 'freq2': 2, 'density': 16, 'random_mixture_control': False, 'num_bands': 5, 'vary_frequency': True, 'vary_orientation': True, 'ori_jitter_deg': 0}
2. {'plaid_contrast': 0.5, 'freq1': 0, 'freq2': 2, 'density': 16, 'random_mixture_control': False, 'num_bands': 5, 'vary_frequency': True, 'vary_orientation': True, 'ori_jitter_deg': 0}
2026-10-07 21:49:41.843996
1. {'freq1': 0, 'freq2': 2, 'density': 16, 'random_mixture_control': False, 'num_bands': 5, 'vary_frequency': True, 'vary_orientation': True, 'ori_jitter_deg': 0}
2026-10-07 21:50:05.787880
1. {'freq1': 0, 'freq2': 2, 'texture_mode': 'gabor', 'density': 16, 'random_mixture_control': False, 'num_bands': 5, 'vary_frequency': True, 'vary_orientation': True, 'ori_jitter_deg': 0}
2026-10-07 21:50:46.692847
1. {'freq1': 0, 'freq2': 2, 'texture_mode': 'gabor', 'density': 16, 'random_mixture_control': False, 'num_bands': 5, 'vary_frequency': True, 'vary_orientation': True, 'ori_jitter_deg': 0}
2026-10-07 21:51:31.973449
1. {'freq1': 0, 'freq2': 2, 'texture_mode': 'gabor', 'density': 16, 'random_mixture_control': False, 'num_bands': 5, 'vary_frequency': True, 'vary_orientation': True, 'ori_jitter_deg': 0}
2026-10-07 21:53:35.287826
1. {'freq1': 0, 'freq2': 2, 'texture_mode': 'gabor', 'density': 16, 'random_mixture_control': False, 'num_bands': 5, 'vary_frequency': True, 'vary_orientation': True, 'ori_jitter_deg': 0}
2026-10-07 21:57:46.554948
1. {'freq1': 0, 'freq2': 2, 'texture_mode': 'gabor', 'density': 16, 'random_mixture_control': False, 'num_bands': 5, 'vary_frequency': True, 'vary_orientation': True, 'ori_jitter_deg': 0}
2026-10-07 22:00:26.312423
1. {'freq1': 0, 'freq2': 2, 'texture_mode': 'gabor', 'density': 16, 'random_mixture_control': False, 'num_bands': 5, 'vary_frequency': True, 'vary_orientation': False, 'ori_jitter_deg': 0}
2026-10-07 22:00:41.273647
1. {'freq1': 0, 'freq2': 2, 'texture_mode': 'gabor', 'density': 16, 'random_mixture_control': False, 'num_bands': 5, 'vary_frequency': True, 'vary_orientation': True, 'ori_jitter_deg': 0}
2026-10-07 22:15:52.924585
1. {'freq1': 0, 'freq2': 2, 'texture_mode': 'gabor', 'density': 16, 'random_mixture_control': False, 'num_bands': 5, 'vary_frequency': True, 'vary_orientation': True, 'ori_jitter_deg': 0}
2026-10-07 22:18:59.708609
1. {'freq1': 0, 'freq2': 2, 'texture_mode': 'gabor', 'density': 16, 'random_mixture_control': False, 'num_bands': 5, 'vary_frequency': True, 'vary_orientation': True, 'ori_jitter_deg': 0}
2026-10-07 22:26:13.808391
1. {'freq1': 0, 'freq2': 2, 'texture_mode': 'gabor', 'density': 16, 'random_mixture_control': False, 'num_bands': 5, 'vary_frequency': True, 'vary_orientation': True, 'ori_jitter_deg': 0}
2026-10-08 19:22:16.987833
1. {'freq1': 0, 'freq2': 2, 'texture_mode': 'gabor', 'density': 16, 'random_mixture_control': False, 'num_bands': 5, 'vary_frequency': True, 'vary_orientation': True, 'ori_jitter_deg': 0}
2026-10-08 21:34:20.318935
1. {'freq1': 0, 'freq2': 2, 'texture_mode': 'gabor', 'density': 16, 'random_mixture_control': False, 'num_bands': 5, 'vary_frequency': True, 'vary_orientation': True, 'ori_jitter_deg': 0}
